Installing & Configuring OpenLDAP Server On CentOS 6.4


Install OpenLDAP server and client packages 
[root@ldap1 ~]# yum install openldap openldap-servers openldap-clients -y


Copy the example slapd.conf to /etc/openldap/
[root@ldap1 ~]# cp /usr/share/openldap-servers/slapd.conf.obsolete /etc/openldap/slapd.conf



Generate the encrypted password for rootdn to use in /etc/openldap/slapd.conf
[root@ldap1 ~]# slappasswd
New password:
Re-enter new password:
{SSHA}GtG8bcLGeN/rf1iStKFK2pu0C2EZf/RX

Copy the generated password and edit the /etc/openldap/slapd.conf
[root@ldap1 ~]# vi /etc/openldap/slapd.conf
#TLSCACertificatePath /etc/openldap/certs
#TLSCertificateFile "\"OpenLDAP Server\""
#TLSCertificateKeyFile /etc/openldap/certs/password
database monitor
access to *
        by dn.exact="gidNumber=0+uidNumber=0,cn=peercred,cn=external,cn=auth" read
        by dn.exact="cn=Manager,dc=example,dc=com" read
        by * none
database        bdb
suffix          "dc=lpic,dc=com"
checkpoint      1024 15
rootdn          "cn=Manager,dc=lpic,dc=com"
rootpw          {SSHA}GtG8bcLGeN/rf1iStKFK2pu0C2EZf/RX
loglevel        256
sizelimit       unlimited




Clean up all content and previous existing LDAP configuration and files, incase if exists. And re-initialize them.
[root@ldap1 ~]# rm -rf /var/lib/ldap/*
[root@ldap1 ~]# rm -rf /etc/openldap/slapd.d/*


Copy the sample DB_CONFIG file to /var/lib/ldap/
[root@ldap1 ~]# cp /usr/share/openldap-servers/DB_CONFIG.example /var/lib/ldap/DB_CONFIG


Check for errors in /etc/openldap/slapd.conf using the below command 
[root@ldap1 ~]# slaptest -u
config file testing succeeded

Convert configuration file into dynamic configuration under /etc/openldap/slapd.d/ directory
[root@ldap1 ~]# slaptest -f /etc/openldap/slapd.conf -F /etc/openldap/slapd.d
config file testing succeeded

Set permission on /var/lib/ldap/ and /etc/openldap/slapd.d/ to ldap
[root@ldap1 ~]# chown -Rf ldap. /etc/openldap/slapd.d/
[root@ldap1 ~]# chown -Rf ldap. /var/lib/ldap/
[root@ldap1 ~]# chmod 700 /var/lib/ldap/
[root@ldap1 ~]# chmod 700 /etc/openldap/slapd.d/




Start the slapd process and service at system bootup 
[root@ldap1 ~]# service slapd start
Starting slapd:                                            [  OK  ]
[root@ldap1 ~]# chkconfig slapd on
  
Confirm the slapd process is running using the below commands
[root@ldap1 ~]# service slapd status
slapd (pid  1301) is running...[root@ldap1 ~]# netstat -ntlup | grep slapd
tcp        0      0 0.0.0.0:389                 0.0.0.0:*                   LISTEN      1301/slapd
tcp        0      0 :::389                      :::*                        LISTEN      1301/slapd
[root@ldap1 ~]# ps -ef | grep slapd
ldap      1301     1  0 08:21 ?        00:00:00 /usr/sbin/slapd -h  ldap:/// ldapi:/// -u ldap
root      1318  1208  0 08:23 pts/1    00:00:00 grep slapd



********Enabling encrypted connection for slapd using self-signed certificates
Install the openssl package using yum
[root@ldap1 ~]# yum install openssl -y

Generate the keypair using the below command
[root@ldap1 ~]# openssl req -newkey rsa:1024 -x509 -nodes -out /etc/pki/tls/certs/ldap1_pubkey.pem -keyout /etc/pki/tls/certs/ldap1_privkey.pem -days 3650


Set permission on the generated certificates to ldap
[root@ldap1 ~]# chown ldap. /etc/pki/tls/certs/ldap1_p*
[root@ldap1 ~]# ll /etc/pki/tls/certs/ldap1_p*
-rw-r--r-- 1 ldap ldap  912 Oct 27 08:40 /etc/pki/tls/certs/ldap1_privkey.pem
-rw-r--r-- 1 ldap ldap 1131 Oct 27 08:40 /etc/pki/tls/certs/ldap1_pubkey.pem


Change the setting for the certificate files in the following config file. It is added before olcMonitoring: FALSE.
[root@ldap1 ~]# vi /etc/openldap/slapd.d/cn\=config/olcDatabase\=\{0\}config.ldif
olcTLSCertificateFile: /etc/pki/tls/certs/ldap1_pubkey.pem
olcTLSCertificateKeyFile: /etc/pki/tls/certs/ldap1_privkey.pem

Modify the setting for SLAPD as below in file /etc/sysconfig/ldap 
[root@ldap1 ~]# vi /etc/sysconfig/ldap
SLAPD_LDAPS=yes

Restart the SLAPD process
[root@ldap1 ~]# service slapd restart

Check the service is running on LDAPS port or not
[root@ldap1 ~]# netstat -ntlup | grep slapd
tcp        0      0 0.0.0.0:389                 0.0.0.0:*                   LISTEN      1402/slapd
tcp        0      0 :::389                      :::*                        LISTEN      1402/slapd


Modify the iptables configuration to allow LDAP ports
[root@ldap1 ~]# iptables -I INPUT -p udp -s 192.168.124.0/24 --dport 389 -j ACCEPT
[root@ldap1 ~]# iptables -I INPUT -p tcp -s 192.168.124.0/24 --dport 389 -j ACCEPT
[root@ldap1 ~]# iptables -I INPUT -p udp -s 192.168.124.0/24 --dport 636 -j ACCEPT
[root@ldap1 ~]# iptables -I INPUT -p tcp -s 192.168.124.0/24 --dport 636 -j ACCEPT
[root@ldap1 ~]# service iptables save


Create a base for the DIT (Directory Information Tree) using the following file.
[root@ldap1 ~]# vi dit.ldif
# Creates a base for DIT
dn: dc=example,dc=com
objectClass: top
objectClass: dcObject
objectclass: organization
o: lpic Organization
dc: lpic
description: Example Inc DIT

# Creates a Users OU (Organizational Unit)
dn: ou=Users,dc=example,dc=com
objectClass: organizationalUnit
ou: Users

# Creates a Groups OU
dn: ou=Groups,dc=example,dc=com
objectClass: organizationalUnit
ou: Groups

dn: ou=Admins,dc=example,dc=com
objectClass: organizationalUnit
ou: Admins

# Create a user student1 with some basic info
dn: uid=student1,ou=Users,dc=example,dc=com
uid: student1
cn: student1
sn: 1
objectClass: top
objectClass: posixAccount
objectClass: inetOrgPerson
loginShell: /bin/bash
homeDirectory: /home/student1
uidNumber: 15000
gidNumber: 10000
userPassword: {SSHA}CQG5KHc6b1ii+qopaVCsNa14v9+r14r5
mail: student1@example.com
gecos: Student1 User

# Create a user student2 with some basic info
dn: uid=student2,ou=Users,dc=example,dc=com
uid: student2
cn: student2
sn: 2
objectClass: top
objectClass: posixAccount
objectClass: inetOrgPerson
loginShell: /bin/bash
homeDirectory: /home/student2
uidNumber: 15001
gidNumber: 10000
userPassword: {SSHA}CQG5KHc6b1ii+qopaVCsNa14v9+r14r5
mail: student2@example.com
gecos: Student2 User

# Creates a ldapusers group under Groups OU
dn: cn=ldapusers,ou=Groups,dc=example,dc=com
objectClass: posixGroup
objectClass: top
cn: ldapusers
userPassword: {crypt}x
gidNumber: 10000
memberuid: uid=student1
memberuid: uid=student2

Change the /etc/openldap/ldap.conf file as below
[root@ldap1 ~]# vi /etc/openldap/ldap.conf
#
# LDAP Defaults
#
# See ldap.conf(5) for details
# This file should be world readable but not world writable.
#BASE   dc=example,dc=com
#URI    ldap://ldap.example.com ldap://ldap-master.example.com:666

#SIZELIMIT      12
#TIMELIMIT      15
#DEREF          never

#TLS_CACERTDIR  /etc/openldap/certs
ssl             start_tls
TLS_REQCERT     allow
BASE            dc=example,dc=com
URI             ldaps://ldap.example.com
HOST            192.168.124.251

Populate the DIT with the values in the file dit.ldif
[root@ldap1 ~]# ldapadd -x -D "cn=Manager,dc=example,dc=com" -W -f dit.ldif -H ldaps://ldap1.example.com

search the DIT using the following command to find the newly added values
[root@ldap1 ~]# ldapsearch -x -b "dc=example,dc=com" -H ldaps://ldap1.example.com

Configure Rsyslog to log the LDAP to LOCAL4
[root@ldap1 ~]# vim /etc/rsyslog.conf
# At the end of file write the below
local4.*                        /var/log/ldap
[root@ldap1 ~]# service rsyslog restart

Now all LDAP log will be in the file  /var/log/ldap

*********************************Client Side Configuration

Configure the client to allow LDAP users to log into the system 
[root@client ~]# yum install openldap-clients sssd -y
[root@client ~]# vim /etc/openldap/ldap.conf
ssl     start_tls
TLS_REQCERT    allow
TLS_CACERTDIR /etc/openldap/cacerts
BASE    dc=example,dc=com
URI     ldaps://ldap1.example.com
HOST    192.168.124.251

Copy the LDAP public certificate into the client system at /etc/openldap/cacerts
[root@client ~]# scp ldap:/etc/pki/tls/certs/ldap.pem /etc/openldap/cacerts

Create a sssd.conf file at this location /etc/sssd/sssd.conf
[root@client ~]# vim /etc/sssd/sssd.conf
[sssd]
config_file_version = 2
services = nss, pam
domains = default

[nss]
filter_users = root,ldap,named,avahi,haldaemon,dbus,radiusd,news,nscd

[pam]

[domain/default]
ldap_tls_reqcert = never
auth_provider = ldap
ldap_schema = rfc2307bis
krb5_realm = EXAMPLE.COM
ldap_search_base = dc=example,dc=com
ldap_group_member = uniquemember
id_provider = ldap
ldap_id_use_start_tls = True
chpass_provider = ldap
ldap_uri = ldaps://ldap1.example.com/
ldap_chpass_uri = ldaps://.ldap1.example.com/
krb5_kdcip = ldap1.example.com
cache_credentials = True
ldap_tls_cacertdir = /etc/openldap/cacerts
entry_cache_timeout = 600
ldap_network_timeout = 3
krb5_server = ldap1.example.com

Configure the System to use LDAP authentication 
[root@client ~]# authconfig-tui
select  use ldap and use ldap authentication and press next button
select use tls and fill server and base dn field as :
server : ldaps://ldap.example.com
base dn : dc=example,dc=com



[root@client ~]# authconfig --enablesssd --enablesssdauth --enablelocauthorize --enablemkhomedir --update
[root@client ~]# getent passwd student1
student1:*:15000:10000:Student1 User:/home/student1:/bin/bash
[root@client ~]# id student1
uid=15000(student1) gid=10000(ldapusers) groups=10000(ldapusers)

Now login to the system with any LDAP user
[root@client ~]# su - student1
Creating directory '/home/student1'.
[student1@client ~]$ pwd
/home/student1

